
*** Running vivado
    with args -log chess_top.vds -m64 -product Vivado -mode batch -messageDb vivado.pb -notrace -source chess_top.tcl


****** Vivado v2024.1 (64-bit)
  **** SW Build 5076996 on Wed May 22 18:36:09 MDT 2024
  **** IP Build 5075265 on Wed May 22 21:45:21 MDT 2024
  **** SharedData Build 5076995 on Wed May 22 18:29:18 MDT 2024
  **** Start of session at: Sun Jan 26 18:58:28 2025
    ** Copyright 1986-2022 Xilinx, Inc. All Rights Reserved.
    ** Copyright 2022-2024 Advanced Micro Devices, Inc. All Rights Reserved.

source chess_top.tcl -notrace
create_project: Time (s): cpu = 00:00:09 ; elapsed = 00:00:09 . Memory (MB): peak = 1367.094 ; gain = 8.930 ; free physical = 2471 ; free virtual = 15167
Command: read_checkpoint -auto_incremental -incremental /home/pedroferreira/Documents/3_ano_1_Semestre_EEC/Eletronica_Programavel/Project/Chess-EP/Chess-EP.srcs/utils_1/imports/synth_1/vga_test.dcp
INFO: [Vivado 12-5825] Read reference checkpoint from /home/pedroferreira/Documents/3_ano_1_Semestre_EEC/Eletronica_Programavel/Project/Chess-EP/Chess-EP.srcs/utils_1/imports/synth_1/vga_test.dcp for incremental synthesis
INFO: [Vivado 12-7989] Please ensure there are no constraint changes
Command: synth_design -top chess_top -part xc7a35tcpg236-1
Starting synth_design
Attempting to get a license for feature 'Synthesis' and/or device 'xc7a35t'
INFO: [Common 17-349] Got license for feature 'Synthesis' and/or device 'xc7a35t'
INFO: [Device 21-403] Loading part xc7a35tcpg236-1
INFO: [Device 21-9227] Part: xc7a35tcpg236-1 does not have CEAM library.
INFO: [Designutils 20-5440] No compile time benefit to using incremental synthesis; A full resynthesis will be run
INFO: [Designutils 20-4379] Flow is switching to default flow due to incremental criteria not met. If you would like to alter this behaviour and have the flow terminate instead, please set the following parameter config_implementation {autoIncr.Synth.RejectBehavior Terminate}
INFO: [Synth 8-7079] Multithreading enabled for synth_design using a maximum of 4 processes.
INFO: [Synth 8-7078] Launching helper process for spawning children vivado processes
INFO: [Synth 8-7075] Helper process launched with PID 1395401
---------------------------------------------------------------------------------
Starting RTL Elaboration : Time (s): cpu = 00:00:05 ; elapsed = 00:00:06 . Memory (MB): peak = 2128.660 ; gain = 413.715 ; free physical = 1419 ; free virtual = 14115
---------------------------------------------------------------------------------
INFO: [Synth 8-638] synthesizing module 'chess_top' [/home/pedroferreira/Documents/3_ano_1_Semestre_EEC/Eletronica_Programavel/Project/Chess-EP/Chess-EP.srcs/sources_1/new/chess_top.vhd:57]
INFO: [Synth 8-638] synthesizing module 'chess_logic' [/home/pedroferreira/Documents/3_ano_1_Semestre_EEC/Eletronica_Programavel/Project/Chess-EP/Chess-EP.srcs/sources_1/new/chess_logic.vhd:46]
INFO: [Synth 8-638] synthesizing module 'kb_test' [/home/pedroferreira/Desktop/part2_PS2/kb_test.vhd:14]
INFO: [Synth 8-638] synthesizing module 'kb_code' [/home/pedroferreira/Desktop/part2_PS2/kb_code.vhd:16]
INFO: [Synth 8-638] synthesizing module 'ps2_rx' [/home/pedroferreira/Desktop/part2_PS2/ps2_rx.vhd:15]
INFO: [Synth 8-256] done synthesizing module 'ps2_rx' (0#1) [/home/pedroferreira/Desktop/part2_PS2/ps2_rx.vhd:15]
INFO: [Synth 8-638] synthesizing module 'fifo' [/home/pedroferreira/Desktop/fifo.vhd:19]
	Parameter B bound to: 8 - type: integer 
	Parameter W bound to: 2 - type: integer 
INFO: [Synth 8-256] done synthesizing module 'fifo' (0#1) [/home/pedroferreira/Desktop/fifo.vhd:19]
INFO: [Synth 8-256] done synthesizing module 'kb_code' (0#1) [/home/pedroferreira/Desktop/part2_PS2/kb_code.vhd:16]
INFO: [Synth 8-638] synthesizing module 'key2ascii' [/home/pedroferreira/Desktop/part2_PS2/key2ascii.vhd:12]
INFO: [Synth 8-256] done synthesizing module 'key2ascii' (0#1) [/home/pedroferreira/Desktop/part2_PS2/key2ascii.vhd:12]
INFO: [Synth 8-256] done synthesizing module 'kb_test' (0#1) [/home/pedroferreira/Desktop/part2_PS2/kb_test.vhd:14]
WARNING: [Synth 8-614] signal 'selected_reg' is read in the process but is not in the sensitivity list [/home/pedroferreira/Documents/3_ano_1_Semestre_EEC/Eletronica_Programavel/Project/Chess-EP/Chess-EP.srcs/sources_1/new/chess_logic.vhd:188]
WARNING: [Synth 8-614] signal 'move_is_legal' is read in the process but is not in the sensitivity list [/home/pedroferreira/Documents/3_ano_1_Semestre_EEC/Eletronica_Programavel/Project/Chess-EP/Chess-EP.srcs/sources_1/new/chess_logic.vhd:188]
INFO: [Synth 8-256] done synthesizing module 'chess_logic' (0#1) [/home/pedroferreira/Documents/3_ano_1_Semestre_EEC/Eletronica_Programavel/Project/Chess-EP/Chess-EP.srcs/sources_1/new/chess_logic.vhd:46]
INFO: [Synth 8-638] synthesizing module 'display_interface' [/home/pedroferreira/Documents/3_ano_1_Semestre_EEC/Eletronica_Programavel/Project/Chess-EP/Chess-EP.srcs/sources_1/new/display_interface.vhd:45]
INFO: [Synth 8-3491] module 'clk_wiz_0' declared at '/home/pedroferreira/Documents/3_ano_1_Semestre_EEC/Eletronica_Programavel/Project/Chess-EP/Chess-EP.runs/synth_1/.Xil/Vivado-1394854-pop-os/realtime/clk_wiz_0_stub.v:6' bound to instance 'clock_unit' of component 'clk_wiz_0' [/home/pedroferreira/Documents/3_ano_1_Semestre_EEC/Eletronica_Programavel/Project/Chess-EP/Chess-EP.srcs/sources_1/new/display_interface.vhd:112]
INFO: [Synth 8-6157] synthesizing module 'clk_wiz_0' [/home/pedroferreira/Documents/3_ano_1_Semestre_EEC/Eletronica_Programavel/Project/Chess-EP/Chess-EP.runs/synth_1/.Xil/Vivado-1394854-pop-os/realtime/clk_wiz_0_stub.v:6]
INFO: [Synth 8-6155] done synthesizing module 'clk_wiz_0' (0#1) [/home/pedroferreira/Documents/3_ano_1_Semestre_EEC/Eletronica_Programavel/Project/Chess-EP/Chess-EP.runs/synth_1/.Xil/Vivado-1394854-pop-os/realtime/clk_wiz_0_stub.v:6]
INFO: [Synth 8-638] synthesizing module 'vga_sync' [/home/pedroferreira/Documents/3_ano_1_Semestre_EEC/Eletronica_Programavel/Project/Chess-EP/vga_sync.vhd:14]
INFO: [Synth 8-256] done synthesizing module 'vga_sync' (0#1) [/home/pedroferreira/Documents/3_ano_1_Semestre_EEC/Eletronica_Programavel/Project/Chess-EP/vga_sync.vhd:14]
INFO: [Synth 8-638] synthesizing module 'piece_rom' [/home/pedroferreira/Documents/3_ano_1_Semestre_EEC/Eletronica_Programavel/Project/Chess-EP/Chess-EP.srcs/sources_1/new/piece_rom.vhd:14]
INFO: [Synth 8-256] done synthesizing module 'piece_rom' (0#1) [/home/pedroferreira/Documents/3_ano_1_Semestre_EEC/Eletronica_Programavel/Project/Chess-EP/Chess-EP.srcs/sources_1/new/piece_rom.vhd:14]
INFO: [Synth 8-256] done synthesizing module 'display_interface' (0#1) [/home/pedroferreira/Documents/3_ano_1_Semestre_EEC/Eletronica_Programavel/Project/Chess-EP/Chess-EP.srcs/sources_1/new/display_interface.vhd:45]
INFO: [Synth 8-256] done synthesizing module 'chess_top' (0#1) [/home/pedroferreira/Documents/3_ano_1_Semestre_EEC/Eletronica_Programavel/Project/Chess-EP/Chess-EP.srcs/sources_1/new/chess_top.vhd:57]
WARNING: [Synth 8-3848] Net board_out_addr in module/entity chess_logic does not have driver. [/home/pedroferreira/Documents/3_ano_1_Semestre_EEC/Eletronica_Programavel/Project/Chess-EP/Chess-EP.srcs/sources_1/new/chess_logic.vhd:33]
WARNING: [Synth 8-3848] Net board_out_piece in module/entity chess_logic does not have driver. [/home/pedroferreira/Documents/3_ano_1_Semestre_EEC/Eletronica_Programavel/Project/Chess-EP/Chess-EP.srcs/sources_1/new/chess_logic.vhd:34]
WARNING: [Synth 8-3848] Net state in module/entity chess_logic does not have driver. [/home/pedroferreira/Documents/3_ano_1_Semestre_EEC/Eletronica_Programavel/Project/Chess-EP/Chess-EP.srcs/sources_1/new/chess_logic.vhd:39]
WARNING: [Synth 8-6014] Unused sequential element art_y_delayed_reg was removed.  [/home/pedroferreira/Documents/3_ano_1_Semestre_EEC/Eletronica_Programavel/Project/Chess-EP/Chess-EP.srcs/sources_1/new/display_interface.vhd:170]
WARNING: [Synth 8-3848] Net vga_R in module/entity chess_top does not have driver. [/home/pedroferreira/Documents/3_ano_1_Semestre_EEC/Eletronica_Programavel/Project/Chess-EP/Chess-EP.srcs/sources_1/new/chess_top.vhd:72]
WARNING: [Synth 8-3848] Net vga_G in module/entity chess_top does not have driver. [/home/pedroferreira/Documents/3_ano_1_Semestre_EEC/Eletronica_Programavel/Project/Chess-EP/Chess-EP.srcs/sources_1/new/chess_top.vhd:73]
WARNING: [Synth 8-3848] Net vga_B in module/entity chess_top does not have driver. [/home/pedroferreira/Documents/3_ano_1_Semestre_EEC/Eletronica_Programavel/Project/Chess-EP/Chess-EP.srcs/sources_1/new/chess_top.vhd:74]
WARNING: [Synth 8-7129] Port SELECT_EN in module display_interface is either unconnected or has no load
WARNING: [Synth 8-7129] Port board_out_addr[5] in module chess_logic is either unconnected or has no load
WARNING: [Synth 8-7129] Port board_out_addr[4] in module chess_logic is either unconnected or has no load
WARNING: [Synth 8-7129] Port board_out_addr[3] in module chess_logic is either unconnected or has no load
WARNING: [Synth 8-7129] Port board_out_addr[2] in module chess_logic is either unconnected or has no load
WARNING: [Synth 8-7129] Port board_out_addr[1] in module chess_logic is either unconnected or has no load
WARNING: [Synth 8-7129] Port board_out_addr[0] in module chess_logic is either unconnected or has no load
WARNING: [Synth 8-7129] Port board_out_piece[3] in module chess_logic is either unconnected or has no load
WARNING: [Synth 8-7129] Port board_out_piece[2] in module chess_logic is either unconnected or has no load
WARNING: [Synth 8-7129] Port board_out_piece[1] in module chess_logic is either unconnected or has no load
WARNING: [Synth 8-7129] Port board_out_piece[0] in module chess_logic is either unconnected or has no load
WARNING: [Synth 8-7129] Port state[2] in module chess_logic is either unconnected or has no load
WARNING: [Synth 8-7129] Port state[1] in module chess_logic is either unconnected or has no load
WARNING: [Synth 8-7129] Port state[0] in module chess_logic is either unconnected or has no load
WARNING: [Synth 8-7129] Port board_input[0][3] in module chess_logic is either unconnected or has no load
WARNING: [Synth 8-7129] Port board_input[0][2] in module chess_logic is either unconnected or has no load
WARNING: [Synth 8-7129] Port board_input[0][1] in module chess_logic is either unconnected or has no load
WARNING: [Synth 8-7129] Port board_input[0][0] in module chess_logic is either unconnected or has no load
WARNING: [Synth 8-7129] Port board_input[1][3] in module chess_logic is either unconnected or has no load
WARNING: [Synth 8-7129] Port board_input[1][2] in module chess_logic is either unconnected or has no load
WARNING: [Synth 8-7129] Port board_input[1][1] in module chess_logic is either unconnected or has no load
WARNING: [Synth 8-7129] Port board_input[1][0] in module chess_logic is either unconnected or has no load
WARNING: [Synth 8-7129] Port board_input[2][3] in module chess_logic is either unconnected or has no load
WARNING: [Synth 8-7129] Port board_input[2][2] in module chess_logic is either unconnected or has no load
WARNING: [Synth 8-7129] Port board_input[2][1] in module chess_logic is either unconnected or has no load
WARNING: [Synth 8-7129] Port board_input[2][0] in module chess_logic is either unconnected or has no load
WARNING: [Synth 8-7129] Port board_input[3][3] in module chess_logic is either unconnected or has no load
WARNING: [Synth 8-7129] Port board_input[3][2] in module chess_logic is either unconnected or has no load
WARNING: [Synth 8-7129] Port board_input[3][1] in module chess_logic is either unconnected or has no load
WARNING: [Synth 8-7129] Port board_input[3][0] in module chess_logic is either unconnected or has no load
WARNING: [Synth 8-7129] Port board_input[4][3] in module chess_logic is either unconnected or has no load
WARNING: [Synth 8-7129] Port board_input[4][2] in module chess_logic is either unconnected or has no load
WARNING: [Synth 8-7129] Port board_input[4][1] in module chess_logic is either unconnected or has no load
WARNING: [Synth 8-7129] Port board_input[4][0] in module chess_logic is either unconnected or has no load
WARNING: [Synth 8-7129] Port board_input[5][3] in module chess_logic is either unconnected or has no load
WARNING: [Synth 8-7129] Port board_input[5][2] in module chess_logic is either unconnected or has no load
WARNING: [Synth 8-7129] Port board_input[5][1] in module chess_logic is either unconnected or has no load
WARNING: [Synth 8-7129] Port board_input[5][0] in module chess_logic is either unconnected or has no load
WARNING: [Synth 8-7129] Port board_input[6][3] in module chess_logic is either unconnected or has no load
WARNING: [Synth 8-7129] Port board_input[6][2] in module chess_logic is either unconnected or has no load
WARNING: [Synth 8-7129] Port board_input[6][1] in module chess_logic is either unconnected or has no load
WARNING: [Synth 8-7129] Port board_input[6][0] in module chess_logic is either unconnected or has no load
WARNING: [Synth 8-7129] Port board_input[7][3] in module chess_logic is either unconnected or has no load
WARNING: [Synth 8-7129] Port board_input[7][2] in module chess_logic is either unconnected or has no load
WARNING: [Synth 8-7129] Port board_input[7][1] in module chess_logic is either unconnected or has no load
WARNING: [Synth 8-7129] Port board_input[7][0] in module chess_logic is either unconnected or has no load
WARNING: [Synth 8-7129] Port board_input[8][3] in module chess_logic is either unconnected or has no load
WARNING: [Synth 8-7129] Port board_input[8][2] in module chess_logic is either unconnected or has no load
WARNING: [Synth 8-7129] Port board_input[8][1] in module chess_logic is either unconnected or has no load
WARNING: [Synth 8-7129] Port board_input[8][0] in module chess_logic is either unconnected or has no load
WARNING: [Synth 8-7129] Port board_input[9][3] in module chess_logic is either unconnected or has no load
WARNING: [Synth 8-7129] Port board_input[9][2] in module chess_logic is either unconnected or has no load
WARNING: [Synth 8-7129] Port board_input[9][1] in module chess_logic is either unconnected or has no load
WARNING: [Synth 8-7129] Port board_input[9][0] in module chess_logic is either unconnected or has no load
WARNING: [Synth 8-7129] Port board_input[10][3] in module chess_logic is either unconnected or has no load
WARNING: [Synth 8-7129] Port board_input[10][2] in module chess_logic is either unconnected or has no load
WARNING: [Synth 8-7129] Port board_input[10][1] in module chess_logic is either unconnected or has no load
WARNING: [Synth 8-7129] Port board_input[10][0] in module chess_logic is either unconnected or has no load
WARNING: [Synth 8-7129] Port board_input[11][3] in module chess_logic is either unconnected or has no load
WARNING: [Synth 8-7129] Port board_input[11][2] in module chess_logic is either unconnected or has no load
WARNING: [Synth 8-7129] Port board_input[11][1] in module chess_logic is either unconnected or has no load
WARNING: [Synth 8-7129] Port board_input[11][0] in module chess_logic is either unconnected or has no load
WARNING: [Synth 8-7129] Port board_input[12][3] in module chess_logic is either unconnected or has no load
WARNING: [Synth 8-7129] Port board_input[12][2] in module chess_logic is either unconnected or has no load
WARNING: [Synth 8-7129] Port board_input[12][1] in module chess_logic is either unconnected or has no load
WARNING: [Synth 8-7129] Port board_input[12][0] in module chess_logic is either unconnected or has no load
WARNING: [Synth 8-7129] Port board_input[13][3] in module chess_logic is either unconnected or has no load
WARNING: [Synth 8-7129] Port board_input[13][2] in module chess_logic is either unconnected or has no load
WARNING: [Synth 8-7129] Port board_input[13][1] in module chess_logic is either unconnected or has no load
WARNING: [Synth 8-7129] Port board_input[13][0] in module chess_logic is either unconnected or has no load
WARNING: [Synth 8-7129] Port board_input[14][3] in module chess_logic is either unconnected or has no load
WARNING: [Synth 8-7129] Port board_input[14][2] in module chess_logic is either unconnected or has no load
WARNING: [Synth 8-7129] Port board_input[14][1] in module chess_logic is either unconnected or has no load
WARNING: [Synth 8-7129] Port board_input[14][0] in module chess_logic is either unconnected or has no load
WARNING: [Synth 8-7129] Port board_input[15][3] in module chess_logic is either unconnected or has no load
WARNING: [Synth 8-7129] Port board_input[15][2] in module chess_logic is either unconnected or has no load
WARNING: [Synth 8-7129] Port board_input[15][1] in module chess_logic is either unconnected or has no load
WARNING: [Synth 8-7129] Port board_input[15][0] in module chess_logic is either unconnected or has no load
WARNING: [Synth 8-7129] Port board_input[16][3] in module chess_logic is either unconnected or has no load
WARNING: [Synth 8-7129] Port board_input[16][2] in module chess_logic is either unconnected or has no load
WARNING: [Synth 8-7129] Port board_input[16][1] in module chess_logic is either unconnected or has no load
WARNING: [Synth 8-7129] Port board_input[16][0] in module chess_logic is either unconnected or has no load
WARNING: [Synth 8-7129] Port board_input[17][3] in module chess_logic is either unconnected or has no load
WARNING: [Synth 8-7129] Port board_input[17][2] in module chess_logic is either unconnected or has no load
WARNING: [Synth 8-7129] Port board_input[17][1] in module chess_logic is either unconnected or has no load
WARNING: [Synth 8-7129] Port board_input[17][0] in module chess_logic is either unconnected or has no load
WARNING: [Synth 8-7129] Port board_input[18][3] in module chess_logic is either unconnected or has no load
WARNING: [Synth 8-7129] Port board_input[18][2] in module chess_logic is either unconnected or has no load
WARNING: [Synth 8-7129] Port board_input[18][1] in module chess_logic is either unconnected or has no load
WARNING: [Synth 8-7129] Port board_input[18][0] in module chess_logic is either unconnected or has no load
WARNING: [Synth 8-7129] Port board_input[19][3] in module chess_logic is either unconnected or has no load
WARNING: [Synth 8-7129] Port board_input[19][2] in module chess_logic is either unconnected or has no load
WARNING: [Synth 8-7129] Port board_input[19][1] in module chess_logic is either unconnected or has no load
WARNING: [Synth 8-7129] Port board_input[19][0] in module chess_logic is either unconnected or has no load
WARNING: [Synth 8-7129] Port board_input[20][3] in module chess_logic is either unconnected or has no load
WARNING: [Synth 8-7129] Port board_input[20][2] in module chess_logic is either unconnected or has no load
WARNING: [Synth 8-7129] Port board_input[20][1] in module chess_logic is either unconnected or has no load
WARNING: [Synth 8-7129] Port board_input[20][0] in module chess_logic is either unconnected or has no load
WARNING: [Synth 8-7129] Port board_input[21][3] in module chess_logic is either unconnected or has no load
WARNING: [Synth 8-7129] Port board_input[21][2] in module chess_logic is either unconnected or has no load
INFO: [Common 17-14] Message 'Synth 8-7129' appears 100 times and further instances of the messages will be disabled. Use the Tcl command set_msg_config to change the current settings.
---------------------------------------------------------------------------------
Finished RTL Elaboration : Time (s): cpu = 00:00:08 ; elapsed = 00:00:08 . Memory (MB): peak = 2215.598 ; gain = 500.652 ; free physical = 1375 ; free virtual = 14070
---------------------------------------------------------------------------------
---------------------------------------------------------------------------------
Start Handling Custom Attributes
---------------------------------------------------------------------------------
---------------------------------------------------------------------------------
Finished Handling Custom Attributes : Time (s): cpu = 00:00:08 ; elapsed = 00:00:08 . Memory (MB): peak = 2233.410 ; gain = 518.465 ; free physical = 1378 ; free virtual = 14073
---------------------------------------------------------------------------------
---------------------------------------------------------------------------------
Finished RTL Optimization Phase 1 : Time (s): cpu = 00:00:08 ; elapsed = 00:00:08 . Memory (MB): peak = 2233.410 ; gain = 518.465 ; free physical = 1378 ; free virtual = 14073
---------------------------------------------------------------------------------
Netlist sorting complete. Time (s): cpu = 00:00:00.01 ; elapsed = 00:00:00.02 . Memory (MB): peak = 2233.410 ; gain = 0.000 ; free physical = 1378 ; free virtual = 14072
INFO: [Project 1-570] Preparing netlist for logic optimization

Processing XDC Constraints
Initializing timing engine
Parsing XDC File [/home/pedroferreira/Documents/3_ano_1_Semestre_EEC/Eletronica_Programavel/Project/Chess-EP/Chess-EP.gen/sources_1/ip/clk_wiz_0/clk_wiz_0/clk_wiz_0_in_context.xdc] for cell 'display_interface_inst/clock_unit'
Finished Parsing XDC File [/home/pedroferreira/Documents/3_ano_1_Semestre_EEC/Eletronica_Programavel/Project/Chess-EP/Chess-EP.gen/sources_1/ip/clk_wiz_0/clk_wiz_0/clk_wiz_0_in_context.xdc] for cell 'display_interface_inst/clock_unit'
Parsing XDC File [/home/pedroferreira/Documents/3_ano_1_Semestre_EEC/Eletronica_Programavel/Project/Chess-EP/basys3_master.xdc]
WARNING: [Vivado 12-584] No ports matched 'btnC'. [/home/pedroferreira/Documents/3_ano_1_Semestre_EEC/Eletronica_Programavel/Project/Chess-EP/basys3_master.xdc:69]
WARNING: [Vivado 12-584] No ports matched 'btnU'. [/home/pedroferreira/Documents/3_ano_1_Semestre_EEC/Eletronica_Programavel/Project/Chess-EP/basys3_master.xdc:70]
WARNING: [Vivado 12-584] No ports matched 'btnL'. [/home/pedroferreira/Documents/3_ano_1_Semestre_EEC/Eletronica_Programavel/Project/Chess-EP/basys3_master.xdc:71]
WARNING: [Vivado 12-584] No ports matched 'btnR'. [/home/pedroferreira/Documents/3_ano_1_Semestre_EEC/Eletronica_Programavel/Project/Chess-EP/basys3_master.xdc:72]
WARNING: [Vivado 12-584] No ports matched 'btnD'. [/home/pedroferreira/Documents/3_ano_1_Semestre_EEC/Eletronica_Programavel/Project/Chess-EP/basys3_master.xdc:73]
Finished Parsing XDC File [/home/pedroferreira/Documents/3_ano_1_Semestre_EEC/Eletronica_Programavel/Project/Chess-EP/basys3_master.xdc]
WARNING: [Project 1-498] One or more constraints failed evaluation while reading constraint file [/home/pedroferreira/Documents/3_ano_1_Semestre_EEC/Eletronica_Programavel/Project/Chess-EP/basys3_master.xdc] and the design contains unresolved black boxes. These constraints will be read post-synthesis (as long as their source constraint file is marked as used_in_implementation) and should be applied correctly then. You should review the constraints listed in the file [.Xil/chess_top_propImpl.xdc] and check the run log file to verify that these constraints were correctly applied.
INFO: [Project 1-236] Implementation specific constraints were found while reading constraint file [/home/pedroferreira/Documents/3_ano_1_Semestre_EEC/Eletronica_Programavel/Project/Chess-EP/basys3_master.xdc]. These constraints will be ignored for synthesis but will be used in implementation. Impacted constraints are listed in the file [.Xil/chess_top_propImpl.xdc].
Resolution: To avoid this warning, move constraints listed in [.Xil/chess_top_propImpl.xdc] to another XDC file and exclude this new file from synthesis with the used_in_synthesis property (File Properties dialog in GUI) and re-run elaboration/synthesis.
Completed Processing XDC Constraints

Netlist sorting complete. Time (s): cpu = 00:00:00 ; elapsed = 00:00:00 . Memory (MB): peak = 2377.160 ; gain = 0.000 ; free physical = 1367 ; free virtual = 14062
INFO: [Project 1-111] Unisim Transformation Summary:
No Unisim elements were transformed.

Constraint Validation Runtime : Time (s): cpu = 00:00:00.01 ; elapsed = 00:00:00.01 . Memory (MB): peak = 2377.160 ; gain = 0.000 ; free physical = 1367 ; free virtual = 14062
INFO: [Designutils 20-5440] No compile time benefit to using incremental synthesis; A full resynthesis will be run
INFO: [Designutils 20-4379] Flow is switching to default flow due to incremental criteria not met. If you would like to alter this behaviour and have the flow terminate instead, please set the following parameter config_implementation {autoIncr.Synth.RejectBehavior Terminate}
---------------------------------------------------------------------------------
Finished Constraint Validation : Time (s): cpu = 00:00:16 ; elapsed = 00:00:17 . Memory (MB): peak = 2377.160 ; gain = 662.215 ; free physical = 1361 ; free virtual = 14056
---------------------------------------------------------------------------------
---------------------------------------------------------------------------------
Start Loading Part and Timing Information
---------------------------------------------------------------------------------
Loading part: xc7a35tcpg236-1
---------------------------------------------------------------------------------
Finished Loading Part and Timing Information : Time (s): cpu = 00:00:16 ; elapsed = 00:00:17 . Memory (MB): peak = 2385.164 ; gain = 670.219 ; free physical = 1361 ; free virtual = 14056
---------------------------------------------------------------------------------
---------------------------------------------------------------------------------
Start Applying 'set_property' XDC Constraints
---------------------------------------------------------------------------------
Applied set_property KEEP_HIERARCHY = SOFT for display_interface_inst/clock_unit. (constraint file  auto generated constraint).
---------------------------------------------------------------------------------
Finished applying 'set_property' XDC Constraints : Time (s): cpu = 00:00:16 ; elapsed = 00:00:17 . Memory (MB): peak = 2385.164 ; gain = 670.219 ; free physical = 1361 ; free virtual = 14056
---------------------------------------------------------------------------------
INFO: [Synth 8-802] inferred FSM for state register 'state_reg_reg' in module 'ps2_rx'
---------------------------------------------------------------------------------------------------
                   State |                     New Encoding |                Previous Encoding 
---------------------------------------------------------------------------------------------------
                    idle |                              001 |                               00
                     dps |                              010 |                               01
                    load |                              100 |                               10
---------------------------------------------------------------------------------------------------
INFO: [Synth 8-3354] encoded FSM with state register 'state_reg_reg' using encoding 'one-hot' in module 'ps2_rx'
WARNING: [Synth 8-327] inferring latch for variable 'player_to_move_reg' [/home/pedroferreira/Documents/3_ano_1_Semestre_EEC/Eletronica_Programavel/Project/Chess-EP/Chess-EP.srcs/sources_1/new/chess_logic.vhd:162]
WARNING: [Synth 8-327] inferring latch for variable 'board_out_en_reg' [/home/pedroferreira/Documents/3_ano_1_Semestre_EEC/Eletronica_Programavel/Project/Chess-EP/Chess-EP.srcs/sources_1/new/chess_logic.vhd:113]
---------------------------------------------------------------------------------
Finished RTL Optimization Phase 2 : Time (s): cpu = 00:00:17 ; elapsed = 00:00:17 . Memory (MB): peak = 2385.164 ; gain = 670.219 ; free physical = 1356 ; free virtual = 14052
---------------------------------------------------------------------------------
---------------------------------------------------------------------------------
Start RTL Component Statistics 
---------------------------------------------------------------------------------
Detailed RTL Component Info : 
+---Adders : 
	   2 Input   32 Bit       Adders := 2     
	   2 Input   31 Bit       Adders := 1     
	   2 Input   11 Bit       Adders := 2     
	   2 Input   10 Bit       Adders := 2     
	   2 Input    8 Bit       Adders := 1     
	   2 Input    6 Bit       Adders := 2     
	   2 Input    4 Bit       Adders := 1     
	   3 Input    4 Bit       Adders := 2     
	   2 Input    3 Bit       Adders := 3     
	   2 Input    2 Bit       Adders := 3     
+---Registers : 
	               32 Bit    Registers := 3     
	               12 Bit    Registers := 1     
	               11 Bit    Registers := 1     
	               10 Bit    Registers := 2     
	                8 Bit    Registers := 5     
	                6 Bit    Registers := 3     
	                5 Bit    Registers := 1     
	                4 Bit    Registers := 65    
	                3 Bit    Registers := 3     
	                2 Bit    Registers := 2     
	                1 Bit    Registers := 27    
+---Muxes : 
	   2 Input   32 Bit        Muxes := 1     
	   2 Input   31 Bit        Muxes := 1     
	   2 Input   12 Bit        Muxes := 4     
	   3 Input   12 Bit        Muxes := 1     
	   4 Input   12 Bit        Muxes := 1     
	   2 Input   11 Bit        Muxes := 1     
	   2 Input   10 Bit        Muxes := 2     
	   4 Input    8 Bit        Muxes := 1     
	   2 Input    8 Bit        Muxes := 1     
	   2 Input    7 Bit        Muxes := 1     
	   2 Input    6 Bit        Muxes := 1     
	   2 Input    5 Bit        Muxes := 4     
	   3 Input    4 Bit        Muxes := 1     
	   2 Input    3 Bit        Muxes := 2     
	   6 Input    3 Bit        Muxes := 1     
	   2 Input    2 Bit        Muxes := 1     
	   2 Input    1 Bit        Muxes := 89    
	   3 Input    1 Bit        Muxes := 3     
	   4 Input    1 Bit        Muxes := 6     
	   5 Input    1 Bit        Muxes := 2     
	   7 Input    1 Bit        Muxes := 1     
	   6 Input    1 Bit        Muxes := 1     
---------------------------------------------------------------------------------
Finished RTL Component Statistics 
---------------------------------------------------------------------------------
---------------------------------------------------------------------------------
Start Part Resource Summary
---------------------------------------------------------------------------------
Part Resources:
DSPs: 90 (col length:60)
BRAMs: 100 (col length: RAMB18 60 RAMB36 30)
---------------------------------------------------------------------------------
Finished Part Resource Summary
---------------------------------------------------------------------------------
---------------------------------------------------------------------------------
Start Cross Boundary and Area Optimization
---------------------------------------------------------------------------------
WARNING: [Synth 8-7080] Parallel synthesis criteria is not met
WARNING: [Synth 8-3936] Found unconnected internal register 'art_y_reg' and it is trimmed from '32' to '3' bits. [/home/pedroferreira/Documents/3_ano_1_Semestre_EEC/Eletronica_Programavel/Project/Chess-EP/Chess-EP.srcs/sources_1/new/display_interface.vhd:170]
WARNING: [Synth 8-3332] Sequential element (chess_logic_inst/player_to_move_reg) is unused and will be removed from module chess_top.
WARNING: [Synth 8-3332] Sequential element (chess_logic_inst/board_out_en_reg) is unused and will be removed from module chess_top.
---------------------------------------------------------------------------------
Finished Cross Boundary and Area Optimization : Time (s): cpu = 00:00:22 ; elapsed = 00:00:23 . Memory (MB): peak = 2385.164 ; gain = 670.219 ; free physical = 1334 ; free virtual = 14036
---------------------------------------------------------------------------------
---------------------------------------------------------------------------------
Start ROM, RAM, DSP, Shift Register and Retiming Reporting
---------------------------------------------------------------------------------

ROM: Preliminary Mapping Report
+------------------+------------------------------------------+---------------+----------------+
|Module Name       | RTL Object                               | Depth x Width | Implemented As | 
+------------------+------------------------------------------+---------------+----------------+
|key2ascii         | ascii_code                               | 128x7         | LUT            | 
|piece_rom         | ROM[0]                                   | 64x7          | LUT            | 
|chess_logic       | keyboard_interface/key2a_unit/ascii_code | 128x7         | LUT            | 
|display_interface | piece_rom_unit/ROM[0]                    | 64x7          | LUT            | 
+------------------+------------------------------------------+---------------+----------------+

---------------------------------------------------------------------------------
Finished ROM, RAM, DSP, Shift Register and Retiming Reporting
---------------------------------------------------------------------------------
---------------------------------------------------------------------------------
Start Applying XDC Timing Constraints
---------------------------------------------------------------------------------
---------------------------------------------------------------------------------
Finished Applying XDC Timing Constraints : Time (s): cpu = 00:00:30 ; elapsed = 00:00:30 . Memory (MB): peak = 2385.164 ; gain = 670.219 ; free physical = 1352 ; free virtual = 14053
---------------------------------------------------------------------------------
---------------------------------------------------------------------------------
Start Timing Optimization
---------------------------------------------------------------------------------
---------------------------------------------------------------------------------
Finished Timing Optimization : Time (s): cpu = 00:00:30 ; elapsed = 00:00:30 . Memory (MB): peak = 2385.164 ; gain = 670.219 ; free physical = 1334 ; free virtual = 14036
---------------------------------------------------------------------------------
---------------------------------------------------------------------------------
Start Technology Mapping
---------------------------------------------------------------------------------
CRITICAL WARNING: [Synth 8-6859] multi-driven net on pin board_change_en with 1st driver pin 'i_813/O' [/home/pedroferreira/Documents/3_ano_1_Semestre_EEC/Eletronica_Programavel/Project/Chess-EP/Chess-EP.srcs/sources_1/new/chess_logic.vhd:111]
CRITICAL WARNING: [Synth 8-6859] multi-driven net on pin board_change_en with 2nd driver pin 'GND' [/home/pedroferreira/Documents/3_ano_1_Semestre_EEC/Eletronica_Programavel/Project/Chess-EP/Chess-EP.srcs/sources_1/new/chess_logic.vhd:111]
CRITICAL WARNING: [Synth 8-6858] multi-driven net board_change_en is connected to at least one constant driver which has been preserved, other driver is ignored [/home/pedroferreira/Documents/3_ano_1_Semestre_EEC/Eletronica_Programavel/Project/Chess-EP/Chess-EP.srcs/sources_1/new/chess_logic.vhd:111]
---------------------------------------------------------------------------------
Finished Technology Mapping : Time (s): cpu = 00:00:30 ; elapsed = 00:00:31 . Memory (MB): peak = 2385.164 ; gain = 670.219 ; free physical = 1324 ; free virtual = 14026
---------------------------------------------------------------------------------
---------------------------------------------------------------------------------
Start IO Insertion
---------------------------------------------------------------------------------
---------------------------------------------------------------------------------
Start Flattening Before IO Insertion
---------------------------------------------------------------------------------
---------------------------------------------------------------------------------
Finished Flattening Before IO Insertion
---------------------------------------------------------------------------------
---------------------------------------------------------------------------------
Start Final Netlist Cleanup
---------------------------------------------------------------------------------
---------------------------------------------------------------------------------
Finished Final Netlist Cleanup
---------------------------------------------------------------------------------
---------------------------------------------------------------------------------
Finished IO Insertion : Time (s): cpu = 00:00:35 ; elapsed = 00:00:35 . Memory (MB): peak = 2385.164 ; gain = 670.219 ; free physical = 1327 ; free virtual = 14028
---------------------------------------------------------------------------------
---------------------------------------------------------------------------------
Start Renaming Generated Instances
---------------------------------------------------------------------------------
---------------------------------------------------------------------------------
Finished Renaming Generated Instances : Time (s): cpu = 00:00:35 ; elapsed = 00:00:35 . Memory (MB): peak = 2385.164 ; gain = 670.219 ; free physical = 1327 ; free virtual = 14028
---------------------------------------------------------------------------------
---------------------------------------------------------------------------------
Start Rebuilding User Hierarchy
---------------------------------------------------------------------------------
---------------------------------------------------------------------------------
Finished Rebuilding User Hierarchy : Time (s): cpu = 00:00:35 ; elapsed = 00:00:36 . Memory (MB): peak = 2385.164 ; gain = 670.219 ; free physical = 1302 ; free virtual = 14003
---------------------------------------------------------------------------------
---------------------------------------------------------------------------------
Start Renaming Generated Ports
---------------------------------------------------------------------------------
---------------------------------------------------------------------------------
Finished Renaming Generated Ports : Time (s): cpu = 00:00:35 ; elapsed = 00:00:36 . Memory (MB): peak = 2385.164 ; gain = 670.219 ; free physical = 1302 ; free virtual = 14003
---------------------------------------------------------------------------------
---------------------------------------------------------------------------------
Start Handling Custom Attributes
---------------------------------------------------------------------------------
---------------------------------------------------------------------------------
Finished Handling Custom Attributes : Time (s): cpu = 00:00:35 ; elapsed = 00:00:36 . Memory (MB): peak = 2385.164 ; gain = 670.219 ; free physical = 1302 ; free virtual = 14003
---------------------------------------------------------------------------------
---------------------------------------------------------------------------------
Start Renaming Generated Nets
---------------------------------------------------------------------------------
---------------------------------------------------------------------------------
Finished Renaming Generated Nets : Time (s): cpu = 00:00:35 ; elapsed = 00:00:36 . Memory (MB): peak = 2385.164 ; gain = 670.219 ; free physical = 1302 ; free virtual = 14003
---------------------------------------------------------------------------------
---------------------------------------------------------------------------------
Start Writing Synthesis Report
---------------------------------------------------------------------------------

Report BlackBoxes: 
+------+--------------+----------+
|      |BlackBox name |Instances |
+------+--------------+----------+
|1     |clk_wiz_0     |         1|
+------+--------------+----------+

Report Cell Usage: 
+------+--------+------+
|      |Cell    |Count |
+------+--------+------+
|1     |clk_wiz |     1|
|2     |BUFG    |     1|
|3     |CARRY4  |    97|
|4     |LUT1    |   104|
|5     |LUT2    |   258|
|6     |LUT3    |    33|
|7     |LUT4    |    73|
|8     |LUT5    |    92|
|9     |LUT6    |   156|
|10    |MUXF7   |     1|
|11    |FDCE    |   234|
|12    |FDPE    |     4|
|13    |FDRE    |    47|
|14    |FDSE    |     3|
|15    |IBUF    |     4|
|16    |OBUF    |    21|
|17    |OBUFT   |     3|
+------+--------+------+
---------------------------------------------------------------------------------
Finished Writing Synthesis Report : Time (s): cpu = 00:00:35 ; elapsed = 00:00:36 . Memory (MB): peak = 2385.164 ; gain = 670.219 ; free physical = 1302 ; free virtual = 14003
---------------------------------------------------------------------------------
Synthesis finished with 0 errors, 3 critical warnings and 277 warnings.
Synthesis Optimization Runtime : Time (s): cpu = 00:00:33 ; elapsed = 00:00:33 . Memory (MB): peak = 2385.164 ; gain = 526.469 ; free physical = 1302 ; free virtual = 14003
Synthesis Optimization Complete : Time (s): cpu = 00:00:35 ; elapsed = 00:00:36 . Memory (MB): peak = 2385.172 ; gain = 670.219 ; free physical = 1302 ; free virtual = 14003
INFO: [Project 1-571] Translating synthesized netlist
Netlist sorting complete. Time (s): cpu = 00:00:00 ; elapsed = 00:00:00.01 . Memory (MB): peak = 2385.172 ; gain = 0.000 ; free physical = 1561 ; free virtual = 14262
INFO: [Netlist 29-17] Analyzing 98 Unisim elements for replacement
INFO: [Netlist 29-28] Unisim Transformation completed in 0 CPU seconds
INFO: [Project 1-570] Preparing netlist for logic optimization
INFO: [Opt 31-138] Pushed 0 inverter(s) to 0 load pin(s).
Netlist sorting complete. Time (s): cpu = 00:00:00 ; elapsed = 00:00:00 . Memory (MB): peak = 2441.191 ; gain = 0.000 ; free physical = 1586 ; free virtual = 14287
INFO: [Project 1-111] Unisim Transformation Summary:
No Unisim elements were transformed.

Synth Design complete | Checksum: ff601752
INFO: [Common 17-83] Releasing license: Synthesis
48 Infos, 121 Warnings, 3 Critical Warnings and 0 Errors encountered.
synth_design completed successfully
synth_design: Time (s): cpu = 00:00:45 ; elapsed = 00:00:42 . Memory (MB): peak = 2441.191 ; gain = 1061.223 ; free physical = 1584 ; free virtual = 14285
INFO: [Common 17-2834] synth_design peak Physical Memory [PSS] (MB): overall = 1896.529; main = 1567.846; forked = 378.837
INFO: [Common 17-2834] synth_design peak Virtual Memory [VSS] (MB): overall = 3432.641; main = 2441.195; forked = 1047.473
INFO: [runtcl-6] Synthesis results are not added to the cache due to CRITICAL_WARNING
Write ShapeDB Complete: Time (s): cpu = 00:00:00.02 ; elapsed = 00:00:00.01 . Memory (MB): peak = 2465.203 ; gain = 0.000 ; free physical = 1583 ; free virtual = 14284
INFO: [Common 17-1381] The checkpoint '/home/pedroferreira/Documents/3_ano_1_Semestre_EEC/Eletronica_Programavel/Project/Chess-EP/Chess-EP.runs/synth_1/chess_top.dcp' has been generated.
INFO: [Vivado 12-24828] Executing command : report_utilization -file chess_top_utilization_synth.rpt -pb chess_top_utilization_synth.pb
INFO: [Common 17-206] Exiting Vivado at Sun Jan 26 18:59:24 2025...
