#-----------------------------------------------------------
# Vivado v2024.1 (64-bit)
# SW Build 5076996 on Wed May 22 18:36:09 MDT 2024
# IP Build 5075265 on Wed May 22 21:45:21 MDT 2024
# SharedData Build 5076995 on Wed May 22 18:29:18 MDT 2024
# Start of session at: Thu Nov 28 09:26:40 2024
# Process ID: 77522
# Current directory: /home/pedroferreira/Documents/3_ano_1_Semestre_EEC/Eletronica_Programavel/Project/Chess-EP/Chess-EP.runs/impl_1
# Command line: vivado -log vga_test.vdi -applog -product Vivado -messageDb vivado.pb -mode batch -source vga_test.tcl -notrace
# Log file: /home/pedroferreira/Documents/3_ano_1_Semestre_EEC/Eletronica_Programavel/Project/Chess-EP/Chess-EP.runs/impl_1/vga_test.vdi
# Journal file: /home/pedroferreira/Documents/3_ano_1_Semestre_EEC/Eletronica_Programavel/Project/Chess-EP/Chess-EP.runs/impl_1/vivado.jou
# Running On        :pop-os
# Platform          :Pop
# Operating System  :Pop!_OS 22.04 LTS
# Processor Detail  :AMD Ryzen 7 3700U with Radeon Vega Mobile Gfx
# CPU Frequency     :2490.073 MHz
# CPU Physical cores:4
# CPU Logical cores :8
# Host memory       :14590 MB
# Swap memory       :0 MB
# Total Virtual     :14590 MB
# Available Virtual :4845 MB
#-----------------------------------------------------------
source vga_test.tcl -notrace
